====================================================================
CourtVision run
  job tag      : 11390190
  host         : udc-an25-20
  date         : 2026-04-09T01:03:17-04:00
  python       : Python 3.11.11
  video        : 1v1-mk.mov
  start..end   : 0s..90
  stride       : 1
  model        : yolov8m.pt
  confidence   : 0.35
  imgsz        : 640
  tracker      : botsort.yaml
  homography   : <none>
  output       : outputs/1v1-mk_yolov8m_conf35_imgsz640_botsort_11390190.txt
  cuda visible : 0
  command      : python main.py --video 1v1-mk.mov --out-txt outputs/1v1-mk_yolov8m_conf35_imgsz640_botsort_11390190.txt --start 0 --stride 1 --model yolov8m.pt --confidence 0.35 --imgsz 640 --tracker botsort.yaml --end 90
====================================================================
==================================================
  CourtVision – Neuro-Symbolic Basketball Analytics
================================================== 

▸ Stage 1: Perception
  window: start=0.0s end=90.0s stride=1
  model=yolov8m.pt conf=0.35 imgsz=640 tracker=botsort.yaml
  Got 2697 frames of tracking data.

▸ Stage 2: Symbolic Reasoning
  Detected 39 game events.

▸ Stage 3: Narrative Report
CourtVision Summary

Total events: 39
Player 1: possessions=1, shot_attempts=1, shot_made=0, fg%=0.0
Player 2: possessions=1, shot_attempts=0, shot_made=0, fg%=0.0
Player 128: possessions=6, shot_attempts=0, shot_made=0, fg%=0.0
Player 181: possessions=1, shot_attempts=0, shot_made=0, fg%=0.0
Player 189: possessions=3, shot_attempts=0, shot_made=0, fg%=0.0
Player 419: possessions=1, shot_attempts=0, shot_made=0, fg%=0.0
Player 473: possessions=2, shot_attempts=0, shot_made=0, fg%=0.0
Player 547: possessions=2, shot_attempts=0, shot_made=0, fg%=0.0
Player 824: possessions=1, shot_attempts=0, shot_made=0, fg%=0.0
Player 865: possessions=1, shot_attempts=0, shot_made=0, fg%=0.0
Player 937: possessions=1, shot_attempts=0, shot_made=0, fg%=0.0
Player 1112: possessions=1, shot_attempts=0, shot_made=0, fg%=0.0
Player 1166: possessions=3, shot_attempts=0, shot_made=0, fg%=0.0
Player 1328: possessions=2, shot_attempts=0, shot_made=0, fg%=0.0
Player 1524: possessions=4, shot_attempts=0, shot_made=0, fg%=0.0
Player 1696: possessions=1, shot_attempts=0, shot_made=0, fg%=0.0
Player 1744: possessions=2, shot_attempts=0, shot_made=0, fg%=0.0
Player 1816: possessions=1, shot_attempts=0, shot_made=0, fg%=0.0
Player 1832: possessions=2, shot_attempts=0, shot_made=0, fg%=0.0
Player 1859: possessions=2, shot_attempts=0, shot_made=0, fg%=0.0

Scouting note: Player 1 was most efficient in this clip.

Saved text report: outputs/1v1-mk_yolov8m_conf35_imgsz640_botsort_11390190.txt

==================================================
  Pipeline complete.
==================================================
Done. Stats report at: outputs/1v1-mk_yolov8m_conf35_imgsz640_botsort_11390190.txt
