====================================================================
CourtVision run
  job tag      : 11400128
  host         : udc-an37-13
  date         : 2026-04-09T11:27:39-04:00
  python       : Python 3.11.11
  video        : 1v1-mk.mov
  start..end   : 540s..630
  stride       : 1
  model        : yolov8x.pt
  confidence   : 0.35
  imgsz        : 1280
  tracker      : bytetrack.yaml
  homography   : <none>
  output       : outputs/1v1-mk_t540-630_yolov8x_conf35_imgsz1280_bytetrack_11400128.txt
  cuda visible : 0
  command      : python main.py --video 1v1-mk.mov --out-txt outputs/1v1-mk_t540-630_yolov8x_conf35_imgsz1280_bytetrack_11400128.txt --start 540 --stride 1 --model yolov8x.pt --confidence 0.35 --imgsz 1280 --tracker bytetrack.yaml --end 630
====================================================================
==================================================
  CourtVision – Neuro-Symbolic Basketball Analytics
================================================== 

▸ Stage 1: Perception
  window: start=540.0s end=630.0s stride=1
  model=yolov8x.pt conf=0.35 imgsz=1280 tracker=bytetrack.yaml
  Got 2697 frames of tracking data.

▸ Stage 2: Symbolic Reasoning
  Detected 44 game events.

▸ Stage 3: Narrative Report
CourtVision Summary

Total events: 44
Player 1: possessions=2, shot_attempts=1, shot_made=0, fg%=0.0
Player 2: possessions=1, shot_attempts=1, shot_made=0, fg%=0.0
Player 286: possessions=1, shot_attempts=2, shot_made=0, fg%=0.0
Player 378: possessions=4, shot_attempts=2, shot_made=0, fg%=0.0
Player 408: possessions=4, shot_attempts=4, shot_made=0, fg%=0.0
Player 713: possessions=1, shot_attempts=0, shot_made=0, fg%=0.0
Player 768: possessions=2, shot_attempts=0, shot_made=0, fg%=0.0
Player 769: possessions=3, shot_attempts=2, shot_made=0, fg%=0.0
Player 843: possessions=2, shot_attempts=1, shot_made=0, fg%=0.0
Player 958: possessions=1, shot_attempts=1, shot_made=0, fg%=0.0
Player 960: possessions=1, shot_attempts=0, shot_made=0, fg%=0.0
Player 1037: possessions=2, shot_attempts=2, shot_made=0, fg%=0.0
Player 1061: possessions=2, shot_attempts=2, shot_made=0, fg%=0.0

Scouting note: Player 1 was most efficient in this clip.

Saved text report: outputs/1v1-mk_t540-630_yolov8x_conf35_imgsz1280_bytetrack_11400128.txt

==================================================
  Pipeline complete.
==================================================
Done. Stats report at: outputs/1v1-mk_t540-630_yolov8x_conf35_imgsz1280_bytetrack_11400128.txt
