====================================================================
CourtVision run
  job tag      : 11399743
  host         : udc-an38-33
  date         : 2026-04-09T11:14:39-04:00
  python       : Python 3.11.11
  video        : 1v1-mk.mov
  start..end   : 0s..90
  stride       : 1
  model        : yolov8m.pt
  confidence   : 0.45
  imgsz        : 640
  tracker      : bytetrack.yaml
  homography   : <none>
  output       : outputs/1v1-mk_yolov8m_conf45_imgsz640_bytetrack_11399743.txt
  cuda visible : 0
  command      : python main.py --video 1v1-mk.mov --out-txt outputs/1v1-mk_yolov8m_conf45_imgsz640_bytetrack_11399743.txt --start 0 --stride 1 --model yolov8m.pt --confidence 0.45 --imgsz 640 --tracker bytetrack.yaml --end 90
====================================================================
==================================================
  CourtVision – Neuro-Symbolic Basketball Analytics
================================================== 

▸ Stage 1: Perception
  window: start=0.0s end=90.0s stride=1
  model=yolov8m.pt conf=0.45 imgsz=640 tracker=bytetrack.yaml
  Got 2697 frames of tracking data.

▸ Stage 2: Symbolic Reasoning
  Detected 50 game events.

▸ Stage 3: Narrative Report
CourtVision Summary

Total events: 50
Player 1: possessions=1, shot_attempts=1, shot_made=0, fg%=0.0
Player 2: possessions=1, shot_attempts=1, shot_made=0, fg%=0.0
Player 100: possessions=6, shot_attempts=4, shot_made=0, fg%=0.0
Player 162: possessions=1, shot_attempts=1, shot_made=0, fg%=0.0
Player 329: possessions=1, shot_attempts=1, shot_made=0, fg%=0.0
Player 372: possessions=1, shot_attempts=1, shot_made=0, fg%=0.0
Player 438: possessions=3, shot_attempts=1, shot_made=0, fg%=0.0
Player 724: possessions=1, shot_attempts=0, shot_made=0, fg%=0.0
Player 863: possessions=1, shot_attempts=1, shot_made=0, fg%=0.0
Player 936: possessions=1, shot_attempts=1, shot_made=0, fg%=0.0
Player 961: possessions=1, shot_attempts=1, shot_made=0, fg%=0.0
Player 1046: possessions=1, shot_attempts=2, shot_made=0, fg%=0.0
Player 1076: possessions=1, shot_attempts=1, shot_made=0, fg%=0.0
Player 1300: possessions=2, shot_attempts=0, shot_made=0, fg%=0.0
Player 1341: possessions=2, shot_attempts=1, shot_made=0, fg%=0.0
Player 1389: possessions=2, shot_attempts=3, shot_made=0, fg%=0.0
Player 1504: possessions=1, shot_attempts=0, shot_made=0, fg%=0.0
Player 1534: possessions=2, shot_attempts=1, shot_made=0, fg%=0.0

Scouting note: Player 1 was most efficient in this clip.

Saved text report: outputs/1v1-mk_yolov8m_conf45_imgsz640_bytetrack_11399743.txt

==================================================
  Pipeline complete.
==================================================
Done. Stats report at: outputs/1v1-mk_yolov8m_conf45_imgsz640_bytetrack_11399743.txt
