====================================================================
CourtVision run
  job tag      : 11390187
  host         : udc-an25-20
  date         : 2026-04-09T00:57:20-04:00
  python       : Python 3.11.11
  video        : 1v1-mk.mov
  start..end   : 0s..90
  stride       : 1
  model        : yolov8m.pt
  confidence   : 0.25
  imgsz        : 1280
  tracker      : bytetrack.yaml
  homography   : <none>
  output       : outputs/1v1-mk_yolov8m_conf25_imgsz1280_bytetrack_11390187.txt
  cuda visible : 0
  command      : python main.py --video 1v1-mk.mov --out-txt outputs/1v1-mk_yolov8m_conf25_imgsz1280_bytetrack_11390187.txt --start 0 --stride 1 --model yolov8m.pt --confidence 0.25 --imgsz 1280 --tracker bytetrack.yaml --end 90
====================================================================
==================================================
  CourtVision – Neuro-Symbolic Basketball Analytics
================================================== 

▸ Stage 1: Perception
  window: start=0.0s end=90.0s stride=1
  model=yolov8m.pt conf=0.25 imgsz=1280 tracker=bytetrack.yaml
  Got 2697 frames of tracking data.

▸ Stage 2: Symbolic Reasoning
  Detected 41 game events.

▸ Stage 3: Narrative Report
CourtVision Summary

Total events: 41
Player 1: possessions=1, shot_attempts=1, shot_made=0, fg%=0.0
Player 2: possessions=1, shot_attempts=0, shot_made=0, fg%=0.0
Player 10: possessions=2, shot_attempts=0, shot_made=0, fg%=0.0
Player 229: possessions=7, shot_attempts=0, shot_made=0, fg%=0.0
Player 308: possessions=1, shot_attempts=0, shot_made=0, fg%=0.0
Player 806: possessions=1, shot_attempts=0, shot_made=0, fg%=0.0
Player 887: possessions=1, shot_attempts=0, shot_made=0, fg%=0.0
Player 1000: possessions=4, shot_attempts=0, shot_made=0, fg%=0.0
Player 1008: possessions=1, shot_attempts=0, shot_made=0, fg%=0.0
Player 1227: possessions=1, shot_attempts=0, shot_made=0, fg%=0.0
Player 1831: possessions=1, shot_attempts=0, shot_made=0, fg%=0.0
Player 1856: possessions=2, shot_attempts=0, shot_made=0, fg%=0.0
Player 2215: possessions=1, shot_attempts=0, shot_made=0, fg%=0.0
Player 2432: possessions=1, shot_attempts=0, shot_made=0, fg%=0.0
Player 2477: possessions=1, shot_attempts=0, shot_made=0, fg%=0.0
Player 2733: possessions=1, shot_attempts=0, shot_made=0, fg%=0.0
Player 2811: possessions=1, shot_attempts=0, shot_made=0, fg%=0.0
Player 3463: possessions=4, shot_attempts=0, shot_made=0, fg%=0.0
Player 3647: possessions=2, shot_attempts=0, shot_made=0, fg%=0.0
Player 3754: possessions=3, shot_attempts=0, shot_made=0, fg%=0.0
Player 4008: possessions=1, shot_attempts=0, shot_made=0, fg%=0.0
Player 4047: possessions=2, shot_attempts=0, shot_made=0, fg%=0.0

Scouting note: Player 1 was most efficient in this clip.

Saved text report: outputs/1v1-mk_yolov8m_conf25_imgsz1280_bytetrack_11390187.txt

==================================================
  Pipeline complete.
==================================================
Done. Stats report at: outputs/1v1-mk_yolov8m_conf25_imgsz1280_bytetrack_11390187.txt
