====================================================================
CourtVision run
  job tag      : 11400130
  host         : udc-an37-13
  date         : 2026-04-09T11:27:39-04:00
  python       : Python 3.11.11
  video        : 1v1-mk.mov
  start..end   : 870s..960
  stride       : 1
  model        : yolov8x.pt
  confidence   : 0.35
  imgsz        : 1280
  tracker      : bytetrack.yaml
  homography   : <none>
  output       : outputs/1v1-mk_t870-960_yolov8x_conf35_imgsz1280_bytetrack_11400130.txt
  cuda visible : 0
  command      : python main.py --video 1v1-mk.mov --out-txt outputs/1v1-mk_t870-960_yolov8x_conf35_imgsz1280_bytetrack_11400130.txt --start 870 --stride 1 --model yolov8x.pt --confidence 0.35 --imgsz 1280 --tracker bytetrack.yaml --end 960
====================================================================
==================================================
  CourtVision – Neuro-Symbolic Basketball Analytics
================================================== 

▸ Stage 1: Perception
  window: start=870.0s end=960.0s stride=1
  model=yolov8x.pt conf=0.35 imgsz=1280 tracker=bytetrack.yaml
  Got 2639 frames of tracking data.

▸ Stage 2: Symbolic Reasoning
  Detected 22 game events.

▸ Stage 3: Narrative Report
CourtVision Summary

Total events: 22
Player 3: possessions=1, shot_attempts=1, shot_made=0, fg%=0.0
Player 69: possessions=1, shot_attempts=3, shot_made=0, fg%=0.0
Player 70: possessions=1, shot_attempts=0, shot_made=0, fg%=0.0
Player 226: possessions=1, shot_attempts=0, shot_made=0, fg%=0.0
Player 260: possessions=2, shot_attempts=1, shot_made=0, fg%=0.0
Player 345: possessions=2, shot_attempts=7, shot_made=0, fg%=0.0
Player 402: possessions=1, shot_attempts=1, shot_made=0, fg%=0.0

Scouting note: Player 3 was most efficient in this clip.

Saved text report: outputs/1v1-mk_t870-960_yolov8x_conf35_imgsz1280_bytetrack_11400130.txt

==================================================
  Pipeline complete.
==================================================
Done. Stats report at: outputs/1v1-mk_t870-960_yolov8x_conf35_imgsz1280_bytetrack_11400130.txt
