====================================================================
CourtVision run
  job tag      : 11400129
  host         : udc-an37-13
  date         : 2026-04-09T11:27:39-04:00
  python       : Python 3.11.11
  video        : 1v1-mk.mov
  start..end   : 720s..810
  stride       : 1
  model        : yolov8x.pt
  confidence   : 0.35
  imgsz        : 1280
  tracker      : bytetrack.yaml
  homography   : <none>
  output       : outputs/1v1-mk_t720-810_yolov8x_conf35_imgsz1280_bytetrack_11400129.txt
  cuda visible : 0
  command      : python main.py --video 1v1-mk.mov --out-txt outputs/1v1-mk_t720-810_yolov8x_conf35_imgsz1280_bytetrack_11400129.txt --start 720 --stride 1 --model yolov8x.pt --confidence 0.35 --imgsz 1280 --tracker bytetrack.yaml --end 810
====================================================================
==================================================
  CourtVision – Neuro-Symbolic Basketball Analytics
================================================== 

▸ Stage 1: Perception
  window: start=720.0s end=810.0s stride=1
  model=yolov8x.pt conf=0.35 imgsz=1280 tracker=bytetrack.yaml
  Got 2697 frames of tracking data.

▸ Stage 2: Symbolic Reasoning
  Detected 45 game events.

▸ Stage 3: Narrative Report
CourtVision Summary

Total events: 45
Player 13: possessions=1, shot_attempts=1, shot_made=0, fg%=0.0
Player 43: possessions=1, shot_attempts=1, shot_made=0, fg%=0.0
Player 172: possessions=1, shot_attempts=0, shot_made=0, fg%=0.0
Player 192: possessions=1, shot_attempts=1, shot_made=0, fg%=0.0
Player 271: possessions=3, shot_attempts=1, shot_made=0, fg%=0.0
Player 291: possessions=3, shot_attempts=5, shot_made=0, fg%=0.0
Player 473: possessions=1, shot_attempts=2, shot_made=0, fg%=0.0
Player 486: possessions=1, shot_attempts=0, shot_made=0, fg%=0.0
Player 600: possessions=1, shot_attempts=1, shot_made=0, fg%=0.0
Player 621: possessions=1, shot_attempts=2, shot_made=0, fg%=0.0
Player 689: possessions=2, shot_attempts=1, shot_made=0, fg%=0.0
Player 749: possessions=2, shot_attempts=2, shot_made=0, fg%=0.0
Player 838: possessions=3, shot_attempts=3, shot_made=0, fg%=0.0
Player 886: possessions=3, shot_attempts=1, shot_made=0, fg%=0.0

Scouting note: Player 43 was most efficient in this clip.

Saved text report: outputs/1v1-mk_t720-810_yolov8x_conf35_imgsz1280_bytetrack_11400129.txt

==================================================
  Pipeline complete.
==================================================
Done. Stats report at: outputs/1v1-mk_t720-810_yolov8x_conf35_imgsz1280_bytetrack_11400129.txt
