====================================================================
CourtVision run
  job tag      : 11400127
  host         : udc-an38-33
  date         : 2026-04-09T11:27:39-04:00
  python       : Python 3.11.11
  video        : 1v1-mk.mov
  start..end   : 360s..450
  stride       : 1
  model        : yolov8x.pt
  confidence   : 0.35
  imgsz        : 1280
  tracker      : bytetrack.yaml
  homography   : <none>
  output       : outputs/1v1-mk_t360-450_yolov8x_conf35_imgsz1280_bytetrack_11400127.txt
  cuda visible : 0
  command      : python main.py --video 1v1-mk.mov --out-txt outputs/1v1-mk_t360-450_yolov8x_conf35_imgsz1280_bytetrack_11400127.txt --start 360 --stride 1 --model yolov8x.pt --confidence 0.35 --imgsz 1280 --tracker bytetrack.yaml --end 450
====================================================================
==================================================
  CourtVision – Neuro-Symbolic Basketball Analytics
================================================== 

▸ Stage 1: Perception
  window: start=360.0s end=450.0s stride=1
  model=yolov8x.pt conf=0.35 imgsz=1280 tracker=bytetrack.yaml
  Got 2697 frames of tracking data.

▸ Stage 2: Symbolic Reasoning
  Detected 59 game events.

▸ Stage 3: Narrative Report
CourtVision Summary

Total events: 59
Player 2: possessions=1, shot_attempts=1, shot_made=0, fg%=0.0
Player 3: possessions=2, shot_attempts=1, shot_made=0, fg%=0.0
Player 41: possessions=2, shot_attempts=3, shot_made=0, fg%=0.0
Player 84: possessions=1, shot_attempts=0, shot_made=0, fg%=0.0
Player 154: possessions=1, shot_attempts=0, shot_made=0, fg%=0.0
Player 190: possessions=1, shot_attempts=1, shot_made=0, fg%=0.0
Player 266: possessions=2, shot_attempts=4, shot_made=0, fg%=0.0
Player 333: possessions=3, shot_attempts=0, shot_made=0, fg%=0.0
Player 394: possessions=1, shot_attempts=0, shot_made=0, fg%=0.0
Player 526: possessions=5, shot_attempts=4, shot_made=0, fg%=0.0
Player 550: possessions=3, shot_attempts=1, shot_made=0, fg%=0.0
Player 624: possessions=1, shot_attempts=1, shot_made=0, fg%=0.0
Player 790: possessions=1, shot_attempts=1, shot_made=0, fg%=0.0
Player 831: possessions=6, shot_attempts=5, shot_made=0, fg%=0.0
Player 875: possessions=1, shot_attempts=0, shot_made=0, fg%=0.0
Player 1049: possessions=3, shot_attempts=2, shot_made=0, fg%=0.0
Player 1192: possessions=1, shot_attempts=0, shot_made=0, fg%=0.0

Scouting note: Player 2 was most efficient in this clip.

Saved text report: outputs/1v1-mk_t360-450_yolov8x_conf35_imgsz1280_bytetrack_11400127.txt

==================================================
  Pipeline complete.
==================================================
Done. Stats report at: outputs/1v1-mk_t360-450_yolov8x_conf35_imgsz1280_bytetrack_11400127.txt
